// Jest Snapshot v1, https://goo.gl/fbAQLP

exports[`PrivateRoute is renderer correctly 1`] = `null`;
