// Jest Snapshot v1, https://goo.gl/fbAQLP

exports[`Should render MyList component 1`] = `
<div
  className="user-page"
>
  <header
    className="page-header user-page__head"
  >
    <div
      className="logo"
    >
      <a
        className="logo__link"
        href="/"
        onClick={[Function]}
      >
        <span
          className="logo__letter logo__letter--1"
        >
          W
        </span>
        <span
          className="logo__letter logo__letter--2"
        >
          T
        </span>
        <span
          className="logo__letter logo__letter--3"
        >
          W
        </span>
      </a>
    </div>
    <h1
      className="page-title user-page__title"
    >
      My list
    </h1>
    <div
      className="user-block"
    >
      <a
        href="/mylist"
        onClick={[Function]}
      >
        <div
          className="user-block__avatar"
        >
          <img
            height="63"
            src="https://htmlacademy-react-3.appspot.com/undefined"
            width="63"
          />
        </div>
      </a>
    </div>
  </header>
  <section
    className="catalog"
  >
    <h2
      className="catalog__title visually-hidden"
    >
      Catalog
    </h2>
    <div
      className="catalog__movies-list"
    >
      <article
        className="small-movie-card catalog__movies-card"
        onClick={[Function]}
        onMouseEnter={[Function]}
        onMouseLeave={[Function]}
      >
        <div
          className="small-movie-card__image"
        >
          <img
            height="175"
            src="1.jpg"
            width="280"
          />
        </div>
        <h3
          className="small-movie-card__title"
        >
          <a
            className="small-movie-card__link"
            href="movie-page.html"
          >
            Some title
          </a>
        </h3>
      </article>
      <article
        className="small-movie-card catalog__movies-card"
        onClick={[Function]}
        onMouseEnter={[Function]}
        onMouseLeave={[Function]}
      >
        <div
          className="small-movie-card__image"
        >
          <img
            height="175"
            src="1.jpg"
            width="280"
          />
        </div>
        <h3
          className="small-movie-card__title"
        >
          <a
            className="small-movie-card__link"
            href="movie-page.html"
          >
            Some title
          </a>
        </h3>
      </article>
    </div>
  </section>
  <footer
    className="page-footer"
  >
    <div
      className="logo"
    >
      <a
        className="logo__link logo__link--light"
        href="/"
        onClick={[Function]}
      >
        <span
          className="logo__letter logo__letter--1"
        >
          W
        </span>
        <span
          className="logo__letter logo__letter--2"
        >
          T
        </span>
        <span
          className="logo__letter logo__letter--3"
        >
          W
        </span>
      </a>
    </div>
    <div
      className="copyright"
    >
      <p>
        Â© 2019 What to watch Ltd.
      </p>
    </div>
  </footer>
</div>
`;
