// Jest Snapshot v1, https://goo.gl/fbAQLP

exports[`should render withFormValidation HOC correctly 1`] = `<div />`;
