// Jest Snapshot v1, https://goo.gl/fbAQLP

exports[`withActiveCard is rendered correctly 1`] = `<div />`;
