// Jest Snapshot v1, https://goo.gl/fbAQLP

exports[`should render correctly 1`] = `
<video
  height="175"
  poster="1.jpg"
  src="https://preview-url.com/1.mp4"
  width="280"
/>
`;
