// Jest Snapshot v1, https://goo.gl/fbAQLP

exports[`Should render SimilarMovies component 1`] = `null`;
