// Jest Snapshot v1, https://goo.gl/fbAQLP

exports[`should render withFullVideoPlayer HOC correctly 1`] = `<div />`;
